\BOOKMARK [0][-]{chapter.1}{\376\377\003\244\003\277\000\040\003\300\003\301\003\314\003\262\003\273\003\267\003\274\003\261\000\040\003\304\003\267\003\302\000\040\003\272\003\261\003\304\003\261\003\303\003\272\003\265\003\305\003\256\003\302\000\040\003\265\003\306\003\261\003\300\003\304\003\277\003\274\003\255\003\275\003\267\003\302}{}% 1
\BOOKMARK [1][-]{section.1.1}{\376\377\003\227\000\040\003\272\003\261\003\304\003\261\003\303\003\272\003\265\003\305\003\256\000\040\003\304\003\267\003\302\000\040\003\265\003\306\003\261\003\300\003\304\003\277\003\274\003\255\003\275\003\267\003\302\000\040\003\265\003\275\003\314\003\302\000\040\003\272\003\315\003\272\003\273\003\277\003\305\000\040\003\303\003\265\000\040\003\255\003\275\003\261\000\040\003\303\003\267\003\274\003\265\003\257\003\277\000\040\003\304\003\277\003\305}{chapter.1}% 2
\BOOKMARK [1][-]{section.1.2}{\376\377\003\234\003\271\003\261\000\040\003\274\003\267\000\040\003\261\003\275\003\261\003\273\003\305\003\304\003\271\003\272\003\256\000\040\003\300\003\301\003\277\003\303\003\255\003\263\003\263\003\271\003\303\003\267\000\040\003\304\003\267\003\302\000\040\003\265\003\306\003\261\003\300\003\304\003\277\003\274\003\255\003\275\003\267\003\302\000\040\003\261\003\300\003\314\000\040\003\304\003\277\003\275\000\040\000D\000e\000s\000c\000a\000r\000t\000e\000s}{chapter.1}% 3
\BOOKMARK [1][-]{section.1.3}{\376\377\003\234\003\271\003\261\000\040\003\261\003\275\003\261\003\273\003\305\003\304\003\271\003\272\003\256\000\040\003\300\003\301\003\277\003\303\003\255\003\263\003\263\003\271\003\303\003\267\000\040\003\304\003\267\003\302\000\040\003\265\003\306\003\261\003\300\003\304\003\277\003\274\003\255\003\275\003\267\003\302\000\040\003\265\003\274\003\300\003\275\003\265\003\305\003\303\003\274\003\255\003\275\003\267\000\040\003\261\003\300\003\314\000\040\003\304\003\277\003\305\003\302\000\040\000F\000e\000r\000m\000a\000t\000\040\003\272\003\261\003\271\000\040\000B\000a\000r\000r\000o\000w}{chapter.1}% 4
\BOOKMARK [1][-]{section.1.4}{\376\377\003\237\000\040\003\277\003\301\003\271\003\303\003\274\003\314\003\302\000\040\003\304\003\267\003\302\000\040\003\300\003\261\003\301\003\261\003\263\003\316\003\263\003\277\003\305}{chapter.1}% 5
\BOOKMARK [1][-]{section.1.5}{\376\377\003\234\003\271\003\261\000\040\003\272\003\277\003\305\003\262\003\255\003\275\003\304\003\261\000\040\003\263\003\271\003\261\000\040\003\304\003\261\000\040\003\303\003\267\003\274\003\265\003\257\003\261\000\040\003\265\003\300\003\261\003\306\003\256\003\302}{chapter.1}% 6
\BOOKMARK [1][-]{section.1.6}{\376\377\003\227\000\040\003\265\003\315\003\301\003\265\003\303\003\267\000\040\003\304\003\267\003\302\000\040\003\265\003\276\003\257\003\303\003\311\003\303\003\267\003\302\000\040\003\265\003\306\003\261\003\300\003\304\003\277\003\274\003\255\003\275\003\267\003\302\000\040\003\274\003\255\003\303\003\311\000\040\003\304\003\267\003\302\000\040\003\300\003\261\003\301\003\261\003\263\003\316\003\263\003\277\003\305\000.}{chapter.1}% 7
\BOOKMARK [1][-]{section.1.7}{\376\377\003\240\003\314\003\304\003\265\000\040\003\267\000\040\003\265\003\306\003\261\003\300\003\304\003\277\003\274\003\255\003\275\003\267\000\040\003\264\003\265\003\275\000\040\003\305\003\300\003\254\003\301\003\307\003\265\003\271\000?}{chapter.1}% 8
\BOOKMARK [1][-]{section.1.8}{\376\377\003\232\003\261\003\304\003\261\003\272\003\314\003\301\003\305\003\306\003\267\000\040\003\265\003\306\003\261\003\300\003\304\003\277\003\274\003\255\003\275\003\267}{chapter.1}% 9
\BOOKMARK [1][-]{section.1.9}{\376\377\003\240\003\273\003\265\003\305\003\301\003\271\003\272\003\255\003\302\000\040\003\300\003\261\003\301\003\254\003\263\003\311\003\263\003\277\003\271}{chapter.1}% 10
\BOOKMARK [0][-]{chapter.2}{\376\377\003\227\000\040\003\300\003\261\003\301\003\254\003\263\003\311\003\263\003\277\003\302\000\040\003\303\003\305\003\275\003\254\003\301\003\304\003\267\003\303\003\267}{}% 11
\BOOKMARK [1][-]{section.2.1}{\376\377\003\237\000\040\003\277\003\301\003\271\003\303\003\274\003\314\003\302\000\040\003\304\003\267\003\302\000\040\003\300\003\261\003\301\003\261\003\263\003\316\003\263\003\277\003\305\000\040\003\303\003\305\003\275\003\254\003\301\003\304\003\267\003\303\003\267\003\302}{chapter.2}% 12
\BOOKMARK [1][-]{section.2.2}{\376\377\003\240\003\261\003\301\003\254\003\263\003\311\003\263\003\277\003\271\000\040\003\261\003\275\003\316\003\304\003\265\003\301\003\267\003\302\000\040\003\304\003\254\003\276\003\267\003\302}{chapter.2}% 13
\BOOKMARK [1][-]{section.2.3}{\376\377\003\234\003\271\003\261\000\040\003\306\003\305\003\303\003\271\003\272\003\256\000\040\003\265\003\301\003\274\003\267\003\275\003\265\003\257\003\261\000\040\003\304\003\267\003\302\000\040\003\300\003\261\003\301\003\261\003\263\003\316\003\263\003\277\003\305\000,\000\040\003\263\003\271\003\261\000\040\003\275\003\261\000\040\003\274\003\267\003\275\000\040\003\262\003\261\003\301\003\271\003\314\003\274\003\261\003\303\003\304\003\265}{chapter.2}% 14
\BOOKMARK [1][-]{section.2.4}{\376\377\003\237\003\271\000\040\003\300\003\261\003\301\003\254\003\263\003\311\003\263\003\277\003\271\000\040\003\304\003\311\003\275\000\040\003\262\003\261\003\303\003\271\003\272\003\316\003\275\000\040\003\303\003\305\003\275\003\261\003\301\003\304\003\256\003\303\003\265\003\311\003\275}{chapter.2}% 15
\BOOKMARK [2][-]{subsection.2.4.1}{\376\377\003\227\000\040\003\303\003\304\003\261\003\270\003\265\003\301\003\256\000\040\003\303\003\305\003\275\003\254\003\301\003\267\003\303\003\267\000\040\000f\000\050\000x\000\051\000=\000c}{section.2.4}% 16
\BOOKMARK [2][-]{subsection.2.4.2}{\376\377\003\227\000\040\003\304\003\261\003\305\003\304\003\277\003\304\003\271\003\272\003\256\000\040\003\303\003\305\003\275\003\254\003\301\003\304\003\267\003\303\003\267\000\040\000f\000\050\000x\000\051\000=\000x}{section.2.4}% 17
\BOOKMARK [2][-]{subsection.2.4.3}{\376\377\003\244\003\277\000\040\003\274\003\277\003\275\003\316\003\275\003\305\003\274\003\277\000\040\000f\000\050\000x\000\051\000=\000x\000n\000,\000\040\000n\000N\000,\000\040\000n\0002}{section.2.4}% 18
\BOOKMARK [2][-]{subsection.2.4.4}{\376\377\003\227\000\040\003\304\003\265\003\304\003\301\003\261\003\263\003\311\003\275\003\271\003\272\003\256\000\040\003\301\003\257\003\266\003\261\000\040\000f\000\050\000x\000\051\000=\000x}{section.2.4}% 19
\BOOKMARK [2][-]{subsection.2.4.5}{\376\377\003\227\000\040\003\305\003\300\003\265\003\301\003\262\003\277\003\273\003\256\000\040\000f\000\050\000x\000\051\000=\0001\000x}{section.2.4}% 20
\BOOKMARK [2][-]{subsection.2.4.6}{\376\377\003\227\000\040\003\303\003\305\003\275\003\254\003\301\003\304\003\267\003\303\003\267\000\040\003\304\003\277\003\305\000\040\003\267\003\274\003\271\003\304\003\314\003\275\003\277\003\305\000\040\000f\000\050\000x\000\051\000=\000`\000=\003\001\000"\0000\0000\0007\000F\000`\000=\000"\0000\0000\0003\000C\000`\000=\003\007\000"\0006\0001\0003\000A\000`\000`\000=\000"\0000\0000\0002\000A\000`\000=\000"\0000\0000\0005\000F\000`\000=\000"\0006\0000\0003\000A\003\267\003\274\000x}{section.2.4}% 21
\BOOKMARK [2][-]{subsection.2.4.7}{\376\377\003\227\000\040\003\303\003\305\003\275\003\254\003\301\003\304\003\267\003\303\003\267\000\040\003\304\003\277\003\305\000\040\003\267\003\274\003\271\003\304\003\314\003\275\003\277\003\305\000\040\000f\000\050\000x\000\051\000=\000`\000=\003\001\000"\0000\0000\0007\000F\000`\000=\000"\0000\0000\0003\000C\000`\000=\003\007\000"\0006\0001\0003\000A\000`\000`\000=\000"\0000\0000\0002\000A\000`\000=\000"\0000\0000\0005\000F\000`\000=\000"\0006\0000\0003\000A\003\303\003\305\003\275\000x}{section.2.4}% 22
\BOOKMARK [2][-]{subsection.2.4.8}{\376\377\003\227\000\040\003\265\003\272\003\270\003\265\003\304\003\271\003\272\003\256\000\040\003\303\003\305\003\275\003\254\003\301\003\304\003\267\003\303\003\267\000\040\000f\000\050\000x\000\051\000=\000e\000x}{section.2.4}% 23
\BOOKMARK [1][-]{section.2.5}{\376\377\003\232\003\261\003\275\003\314\003\275\003\265\003\302\000\040\003\300\003\261\003\301\003\261\003\263\003\316\003\263\003\271\003\303\003\267\003\302}{chapter.2}% 24
\BOOKMARK [2][-]{subsection.2.5.1}{\376\377\003\240\003\261\003\301\003\254\003\263\003\311\003\263\003\277\003\302\000\040\003\261\003\270\003\301\003\277\003\257\003\303\003\274\003\261\003\304\003\277\003\302}{section.2.5}% 25
\BOOKMARK [2][-]{subsection.2.5.2}{\376\377\003\240\003\261\003\301\003\254\003\263\003\311\003\263\003\277\003\302\000\040\003\262\003\261\003\270\003\274\003\311\003\304\003\277\003\315\000\040\003\263\003\271\003\275\003\277\003\274\003\255\003\275\003\277\003\305}{section.2.5}% 26
\BOOKMARK [2][-]{subsection.2.5.3}{\376\377\003\227\000\040\003\303\003\307\003\255\003\303\003\267\000\040\003\261\003\275\003\254\003\274\003\265\003\303\003\261\000\040\003\303\003\304\003\267\003\275\000\040\003\300\003\261\003\301\003\261\003\263\003\311\003\263\003\271\003\303\003\271\003\274\003\314\003\304\003\267\003\304\003\261\000\040\003\272\003\261\003\271\000\040\003\304\003\267\000\040\003\303\003\305\003\275\003\255\003\307\003\265\003\271\003\261}{section.2.5}% 27
\BOOKMARK [2][-]{subsection.2.5.4}{\376\377\003\240\003\261\003\301\003\254\003\263\003\311\003\263\003\277\003\302\000\040\003\263\003\271\003\275\003\277\003\274\003\255\003\275\003\277\003\305\000\040\003\303\003\305\003\275\003\261\003\301\003\304\003\256\003\303\003\265\003\311\003\275}{section.2.5}% 28
\BOOKMARK [2][-]{subsection.2.5.5}{\376\377\003\240\003\261\003\301\003\254\003\263\003\311\003\263\003\277\003\302\000\040\003\300\003\267\003\273\003\257\003\272\003\277\003\305\000\040\003\303\003\305\003\275\003\261\003\301\003\304\003\256\003\303\003\265\003\311\003\275}{section.2.5}% 29
\BOOKMARK [2][-]{subsection.2.5.6}{\376\377\003\240\003\261\003\301\003\254\003\263\003\311\003\263\003\277\003\302\000\040\003\303\003\315\003\275\003\270\003\265\003\304\003\267\003\302\000\040\003\303\003\305\003\275\003\254\003\301\003\304\003\267\003\303\003\267\003\302}{section.2.5}% 30
\BOOKMARK [0][-]{chapter.3}{\376\377\003\222\003\261\003\303\003\271\003\272\003\254\000\040\003\270\003\265\003\311\003\301\003\256\003\274\003\261\003\304\003\261\000\040\003\300\003\277\003\305\000\040\003\261\003\306\003\277\003\301\003\277\003\315\003\275\000\040\003\304\003\271\003\302\000\040\003\300\003\261\003\301\003\261\003\263\003\316\003\263\003\277\003\305\003\302\000\040\003\303\003\305\003\275\003\261\003\301\003\304\003\256\003\303\003\265\003\311\003\275}{}% 31
\BOOKMARK [1][-]{section.3.1}{\376\377\003\244\003\277\000\040\003\270\003\265\003\316\003\301\003\267\003\274\003\261\000\040\003\304\003\277\003\305\000\040\000F\000e\000r\000m\000a\000t}{chapter.3}% 32
\BOOKMARK [1][-]{section.3.2}{\376\377\003\244\003\277\000\040\003\270\003\265\003\316\003\301\003\267\003\274\003\261\000\040\003\304\003\277\003\305\000\040\000R\000o\000l\000l\000e}{chapter.3}% 33
\BOOKMARK [1][-]{section.3.3}{\376\377\003\225\003\306\003\261\003\301\003\274\003\277\003\263\003\255\003\302\000\040\003\304\003\277\003\305\000\040\003\270\003\265\003\311\003\301\003\256\003\274\003\261\003\304\003\277\003\302\000\040\003\304\003\277\003\305\000\040\000R\000o\000l\000l\000e}{chapter.3}% 34
\BOOKMARK [2][-]{subsection.3.3.1}{\376\377\003\240\003\273\003\256\003\270\003\277\003\302\000\040\003\273\003\315\003\303\003\265\003\311\003\275\000\040\003\265\003\276\003\271\003\303\003\316\003\303\003\265\003\311\003\275}{section.3.3}% 35
\BOOKMARK [2][-]{subsection.3.3.2}{\376\377\003\243\003\305\003\275\003\261\003\301\003\304\003\256\003\303\003\265\003\271\003\302\000\040\000\253\0001\000-\0001\000\273}{section.3.3}% 36
\BOOKMARK [1][-]{section.3.4}{\376\377\003\244\003\277\000\040\003\230\003\265\003\316\003\301\003\267\003\274\003\261\000\040\003\234\003\255\003\303\003\267\003\302\000\040\003\244\003\271\003\274\003\256\003\302\000\040\000\050\003\230\000.\003\234\000.\003\244\000.\000\051}{chapter.3}% 37
\BOOKMARK [1][-]{section.3.5}{\376\377\003\225\003\306\003\261\003\301\003\274\003\277\003\263\003\255\003\302\000\040\003\304\003\277\003\305\000\040\003\230\003\265\003\311\003\301\003\256\003\274\003\261\003\304\003\277\003\302\000\040\003\234\003\255\003\303\003\267\003\302\000\040\003\244\003\271\003\274\003\256\003\302}{chapter.3}% 38
\BOOKMARK [2][-]{subsection.3.5.1}{\376\377\003\216\003\300\003\261\003\276\003\267\000\040\003\265\003\306\003\261\003\300\003\304\003\277\003\274\003\255\003\275\003\267\003\302\000\040\003\274\003\265\000\040\003\264\003\265\003\264\003\277\003\274\003\255\003\275\003\267\000\040\003\272\003\273\003\257\003\303\003\267}{section.3.5}% 39
\BOOKMARK [2][-]{subsection.3.5.2}{\376\377\003\221\003\300\003\314\003\264\003\265\003\271\003\276\003\267\000\040\003\261\003\275\003\271\003\303\003\277\003\304\003\256\003\304\003\311\003\275}{section.3.5}% 40
\BOOKMARK [0][-]{chapter.4}{\376\377\003\243\003\305\003\275\003\255\003\300\003\265\003\271\003\265\003\302\000\040\003\304\003\277\003\305\000\040\003\230\003\265\003\311\003\301\003\256\003\274\003\261\003\304\003\277\003\302\000\040\003\234\003\255\003\303\003\267\003\302\000\040\003\244\003\271\003\274\003\256\003\302}{}% 41
\BOOKMARK [1][-]{section.4.1}{\376\377\003\243\003\304\003\261\003\270\003\265\003\301\003\256\000\040\003\303\003\305\003\275\003\254\003\301\003\304\003\267\003\303\003\267}{chapter.4}% 42
\BOOKMARK [1][-]{section.4.2}{\376\377\003\234\003\277\003\275\003\277\003\304\003\277\003\275\003\257\003\261\000\040\003\303\003\305\003\275\003\254\003\301\003\304\003\267\003\303\003\267\003\302}{chapter.4}% 43
\BOOKMARK [1][-]{section.4.3}{\376\377\003\244\003\277\003\300\003\271\003\272\003\254\000\040\003\261\003\272\003\301\003\314\003\304\003\261\003\304\003\261\000\040\003\303\003\305\003\275\003\254\003\301\003\304\003\267\003\303\003\267\003\302}{chapter.4}% 44
\BOOKMARK [0][-]{chapter.5}{\376\377\003\232\003\305\003\301\003\304\003\255\003\302\000\040\003\272\003\261\003\271\000\040\003\272\003\277\003\257\003\273\003\265\003\302\000\040\003\303\003\305\003\275\003\261\003\301\003\304\003\256\003\303\003\265\003\271\003\302}{}% 45
\BOOKMARK [1][-]{section.5.1}{\376\377\003\237\003\301\003\271\003\303\003\274\003\314\003\302\000\040\003\272\003\305\003\301\003\304\003\316\003\275\000\040\003\272\003\261\003\271\000\040\003\272\003\277\003\257\003\273\003\311\003\275\000\040\003\303\003\305\003\275\003\261\003\301\003\304\003\256\003\303\003\265\003\311\003\275}{chapter.5}% 46
\BOOKMARK [1][-]{section.5.2}{\376\377\003\243\003\267\003\274\003\265\003\257\003\261\000\040\003\272\003\261\003\274\003\300\003\256\003\302}{chapter.5}% 47
\BOOKMARK [1][-]{section.5.3}{\376\377\003\243\003\307\003\255\003\303\003\267\000\040\003\274\003\265\003\304\003\261\003\276\003\315\000\040\003\272\003\305\003\301\003\304\003\314\003\304\003\267\003\304\003\261\000\040\003\272\003\261\003\271\000\040\003\265\003\306\003\261\003\300\003\304\003\277\003\274\003\255\003\275\003\267\003\302}{chapter.5}% 48
\BOOKMARK [0][-]{chapter.6}{\376\377\003\237\003\271\000\040\003\272\003\261\003\275\003\314\003\275\003\265\003\302\000\040\000d\000e\000\040\000l\000'\000H\000o\000s\000p\000i\000t\000a\000l}{}% 49
\BOOKMARK [0][-]{chapter.7}{\376\377\003\234\003\265\003\273\003\255\003\304\003\267\000\040\003\272\003\261\003\271\000\040\003\307\003\254\003\301\003\261\003\276\003\267\000\040\003\263\003\301\003\261\003\306\003\271\003\272\003\256\003\302\000\040\003\300\003\261\003\301\003\254\003\303\003\304\003\261\003\303\003\267\003\302\000\040\003\303\003\305\003\275\003\254\003\301\003\304\003\267\003\303\003\267\003\302}{}% 50
\BOOKMARK [0][-]{chapter.8}{\376\377\003\221\003\303\003\272\003\256\003\303\003\265\003\271\003\302}{}% 51
\BOOKMARK [1][-]{section.8.1}{\376\377\003\225\003\301\003\311\003\304\003\256\003\303\003\265\003\271\003\302\000\040\003\243\003\311\003\303\003\304\003\277\003\315\000\040\003\256\000\040\003\233\003\254\003\270\003\277\003\305\003\302}{chapter.8}% 52
\BOOKMARK [1][-]{section.8.2}{\376\377\003\221\000"\000\040\003\237\003\274\003\254\003\264\003\261\003\302}{chapter.8}% 53
\BOOKMARK [1][-]{section.8.3}{\376\377\003\222\000"\000\040\003\237\003\274\003\254\003\264\003\261\003\302}{chapter.8}% 54
\BOOKMARK [1][-]{section.8.4}{\376\377\003\223\000"\000\040\003\237\003\274\003\254\003\264\003\261}{chapter.8}% 55
